<?xml version="1.0" encoding="utf-8"?>
<Map>
  <Tiling>
    <UrlTemplate>https://{s}.tile.openstreetmap.org/{z}/{x}/{y}.png</UrlTemplate>
  </Tiling>

  <InitialView>
    <Lat>55.030204</Lat>
    <Lon>82.920430</Lon>
    <Zoom>13</Zoom>
  </InitialView>

  <Locations>
    <Location>
      <Lat>55.027970</Lat>
      <Lon>82.96893</Lon>
      <Name>ЦТП О-53</Name>
      <Descr>Центральный тепловой пункт О-53</Descr>
      <StatusCnlNum>0</StatusCnlNum>
      <Data>
        <DataItem cnlNum="1020">T1</DataItem>
        <DataItem cnlNum="1021">T2</DataItem>
        <DataItem cnlNum="1014">T3</DataItem>
        <DataItem cnlNum="1022">P1</DataItem>
        <DataItem cnlNum="1023">P2</DataItem>
      </Data>
      <ExtraChannels>
        <Group name="1">
          <ExtraItem cnlNum="1030">T4</ExtraItem>
          <ExtraItem cnlNum="1031">T5</ExtraItem>
        </Group>
        <Group name="2">
          <ExtraItem cnlNum="1040">P3</ExtraItem>
          <ExtraItem cnlNum="1041">P4</ExtraItem>
        </Group>
        <Group name="3">
          <ExtraItem cnlNum="1050">G1</ExtraItem>
          <ExtraItem cnlNum="1051">G2</ExtraItem>
        </Group>
      </ExtraChannels>
    </Location>

    <Location>
      <Lat>55.013095</Lat>
      <Lon>82.969334</Lon>
      <Name>ЦТП О-08/62</Name>
      <Descr>Центральный тепловой пункт О-08/62</Descr>
      <StatusCnlNum>0</StatusCnlNum>
      <Data>
        <DataItem cnlNum="2013">T1</DataItem>
        <DataItem cnlNum="2014">T2</DataItem>
        <DataItem cnlNum="2007">T3</DataItem>
        <DataItem cnlNum="2015">P1</DataItem>
        <DataItem cnlNum="2016">P2</DataItem>
      </Data>
    </Location>

    <Location>
      <Lat>55.018315</Lat>
      <Lon>82.977829</Lon>
      <Name>ЦТП О-47</Name>
      <Descr>Центральный тепловой пункт О-47</Descr>
      <StatusCnlNum>0</StatusCnlNum>
      <Data>
        <DataItem cnlNum="3016">T1</DataItem>
        <DataItem cnlNum="3017">T2</DataItem>
        <DataItem cnlNum="3010">T3</DataItem>
        <DataItem cnlNum="3018">P1</DataItem>
        <DataItem cnlNum="3019">P2</DataItem>
      </Data>
    </Location>

    <Location>
      <Lat>55.052510</Lat>
      <Lon>82.919827</Lon>
      <Name>ЦТП з-11/66</Name>
      <Descr>Центральный тепловой пункт з-11/66</Descr>
      <StatusCnlNum>0</StatusCnlNum>
      <Data>
        <DataItem cnlNum="4031">T1</DataItem>
        <DataItem cnlNum="4032">T2</DataItem>
        <DataItem cnlNum="4025">T3</DataItem>
        <DataItem cnlNum="4033">P1</DataItem>
        <DataItem cnlNum="4034">P2</DataItem>
      </Data>
    </Location>

    <Location>
      <Lat>55.004386</Lat>
      <Lon>82.978802</Lon>
      <Name>ЦТП о-20/273</Name>
      <Descr>Центральный тепловой пункт о-20/273</Descr>
      <StatusCnlNum>0</StatusCnlNum>
      <Data>
        <DataItem cnlNum="5032">T1</DataItem>
        <DataItem cnlNum="5033">T2</DataItem>
        <DataItem cnlNum="5026">T3</DataItem>
        <DataItem cnlNum="5034">P1</DataItem>
        <DataItem cnlNum="5035">P2</DataItem>
      </Data>
    </Location>
  </Locations>
</Map>
